[zz-automation.com/naufalbisnes/index.html]
[zz-automation.com/naufalbisnes/bootstrap-3.3.5-dist/css/bootstrap.min.css]
[zz-automation.com/naufalbisnes/bootstrap-3.3.5-dist/css/custom.css]
[zz-automation.com/naufalbisnes/logo7051.jpg]
[backblue.gif]
[fade.gif]
[index.html]
[zz-automation.com/naufalbisnes/index.html]
[zz-automation.com/naufalbisnes/bootstrap-3.3.5-dist/fonts/glyphicons-halflings-regular.eot]
[zz-automation.com/naufalbisnes/bootstrap-3.3.5-dist/fonts/glyphicons-halflings-regulard41d.eot]
[zz-automation.com/naufalbisnes/bootstrap-3.3.5-dist/fonts/glyphicons-halflings-regular.woff2]
[zz-automation.com/naufalbisnes/bootstrap-3.3.5-dist/fonts/glyphicons-halflings-regular.woff]
[zz-automation.com/naufalbisnes/bootstrap-3.3.5-dist/fonts/glyphicons-halflings-regular.ttf]
[zz-automation.com/naufalbisnes/bootstrap-3.3.5-dist/css/bootstrap.min.css]
[zz-automation.com/naufalbisnes/bootstrap-3.3.5-dist/fonts/glyphicons-halflings-regular.svg]
[zz-automation.com/naufalbisnes/bootstrap-3.3.5-dist/css/custom.css]
[zz-automation.com/naufalbisnes/bootstrap-3.3.5-dist/fonts/glyphicons-halflings-regular.svg]
